// Jest Snapshot v1, https://goo.gl/fbAQLP

exports[`the Card component should render correctly 1`] = `
<DocumentFragment>
  <div>
    <img
      alt="img-alt"
      height="100px"
      src="img-src"
      width="100px"
    />
    <button
      data-testid="card-btn"
      type="button"
    >
      Test text
    </button>
  </div>
</DocumentFragment>
`;
