// Jest Snapshot v1, https://goo.gl/fbAQLP

exports[`the Header component should render correctly 1`] = `
<DocumentFragment>
  <div>
    <div>
      The
    </div>
    <div>
      Record
    </div>
    <div>
      Shelf
    </div>
  </div>
</DocumentFragment>
`;
